Script started on 2025-02-09 22:40:20+00:00 [TERM="xterm-256color" TTY="/dev/pts/0" COLUMNS="271" LINES="66"]
[?2004h]0;leonidas@leonidas-XPS-13-9370: ~/repos/git_test[01;32mleonidas@leonidas-XPS-13-9370[00m:[01;34m~/repos/git_test[00m$ ls
[?2004lhello_world.txt  hiWorld.txt  newfile.txt  README.md
[?2004h]0;leonidas@leonidas-XPS-13-9370: ~/repos/git_test[01;32mleonidas@leonidas-XPS-13-9370[00m:[01;34m~/repos/git_test[00m$ cat newfile.txt 
[?2004l[?2004h]0;leonidas@leonidas-XPS-13-9370: ~/repos/git_test[01;32mleonidas@leonidas-XPS-13-9370[00m:[01;34m~/repos/git_test[00m$ ech [Ko Give me memory Lord >> newfile.txt 
[?2004l[?2004h]0;leonidas@leonidas-XPS-13-9370: ~/repos/git_test[01;32mleonidas@leonidas-XPS-13-9370[00m:[01;34m~/repos/git_test[00m$ cat newfile.txt 
[?2004lGive me memory Lord
[?2004h]0;leonidas@leonidas-XPS-13-9370: ~/repos/git_test[01;32mleonidas@leonidas-XPS-13-9370[00m:[01;34m~/repos/git_test[00m$ git status
[?2004lOn branch main
Your branch is up to date with 'origin/main'.

Untracked files:
  (use "git add <file>..." to include in what will be committed)
	[31mnewfile.txt[m

nothing added to commit but untracked files present (use "git add" to track)
[?2004h]0;leonidas@leonidas-XPS-13-9370: ~/repos/git_test[01;32mleonidas@leonidas-XPS-13-9370[00m:[01;34m~/repos/git_test[00m$ git add .
[?2004l[?2004h]0;leonidas@leonidas-XPS-13-9370: ~/repos/git_test[01;32mleonidas@leonidas-XPS-13-9370[00m:[01;34m~/repos/git_test[00m$ git status
[?2004lOn branch main
Your branch is up to date with 'origin/main'.

Changes to be committed:
  (use "git restore --staged <file>..." to unstage)
	[32mnew file:   newfile.txt[m

[?2004h]0;leonidas@leonidas-XPS-13-9370: ~/repos/git_test[01;32mleonidas@leonidas-XPS-13-9370[00m:[01;34m~/repos/git_test[00m$ git commit -m New File
[?2004lerror: pathspec 'File' did not match any file(s) known to git
[?2004h]0;leonidas@leonidas-XPS-13-9370: ~/repos/git_test[01;32mleonidas@leonidas-XPS-13-9370[00m:[01;34m~/repos/git_test[00m$ git commit -m [K
[?2004lerror: switch `m' requires a value
[?2004h]0;leonidas@leonidas-XPS-13-9370: ~/repos/git_test[01;32mleonidas@leonidas-XPS-13-9370[00m:[01;34m~/repos/git_test[00m$ git commit -m "New File"
[?2004l[main c67af66] New File
 1 file changed, 1 insertion(+)
 create mode 100644 newfile.txt
[?2004h]0;leonidas@leonidas-XPS-13-9370: ~/repos/git_test[01;32mleonidas@leonidas-XPS-13-9370[00m:[01;34m~/repos/git_test[00m$ git status
[?2004lOn branch main
Your branch is ahead of 'origin/main' by 1 commit.
  (use "git push" to publish your local commits)

nothing to commit, working tree clean
[?2004h]0;leonidas@leonidas-XPS-13-9370: ~/repos/git_test[01;32mleonidas@leonidas-XPS-13-9370[00m:[01;34m~/repos/git_test[00m$ git push
[?2004lEnumerating objects: 4, done.
Counting objects:  25% (1/4)Counting objects:  50% (2/4)Counting objects:  75% (3/4)Counting objects: 100% (4/4)Counting objects: 100% (4/4), done.
Delta compression using up to 8 threads
Compressing objects:  50% (1/2)Compressing objects: 100% (2/2)Compressing objects: 100% (2/2), done.
Writing objects:  33% (1/3)Writing objects:  66% (2/3)Writing objects: 100% (3/3)Writing objects: 100% (3/3), 299 bytes | 149.00 KiB/s, done.
Total 3 (delta 1), reused 0 (delta 0), pack-reused 0 (from 0)
remote: Resolving deltas:   0% (0/1)[Kremote: Resolving deltas: 100% (1/1)[Kremote: Resolving deltas: 100% (1/1), completed with 1 local object.[K
To github.com:lpafful/git_test.git
   572912a..c67af66  main -> main
[?2004h]0;leonidas@leonidas-XPS-13-9370: ~/repos/git_test[01;32mleonidas@leonidas-XPS-13-9370[00m:[01;34m~/repos/git_test[00m$ git status
[?2004lOn branch main
Your branch is up to date with 'origin/main'.

nothing to commit, working tree clean
[?2004h]0;leonidas@leonidas-XPS-13-9370: ~/repos/git_test[01;32mleonidas@leonidas-XPS-13-9370[00m:[01;34m~/repos/git_test[00m$ cd ..
[?2004l[?2004h]0;leonidas@leonidas-XPS-13-9370: ~/repos[01;32mleonidas@leonidas-XPS-13-9370[00m:[01;34m~/repos[00m$ ls
[?2004l[0m[01;34mgit_test[0m
[?2004h]0;leonidas@leonidas-XPS-13-9370: ~/repos[01;32mleonidas@leonidas-XPS-13-9370[00m:[01;34m~/repos[00m$ gi [Kt clone [7mgit@github.com:lpafful/odin-recipes.git[27mgit@github.com:lpafful/odin-recipes.git
[?2004lCloning into 'odin-recipes'...
remote: Enumerating objects: 68, done.[K
remote: Counting objects:   1% (1/68)[Kremote: Counting objects:   2% (2/68)[Kremote: Counting objects:   4% (3/68)[Kremote: Counting objects:   5% (4/68)[Kremote: Counting objects:   7% (5/68)[Kremote: Counting objects:   8% (6/68)[Kremote: Counting objects:  10% (7/68)[Kremote: Counting objects:  11% (8/68)[Kremote: Counting objects:  13% (9/68)[Kremote: Counting objects:  14% (10/68)[Kremote: Counting objects:  16% (11/68)[Kremote: Counting objects:  17% (12/68)[Kremote: Counting objects:  19% (13/68)[Kremote: Counting objects:  20% (14/68)[Kremote: Counting objects:  22% (15/68)[Kremote: Counting objects:  23% (16/68)[Kremote: Counting objects:  25% (17/68)[Kremote: Counting objects:  26% (18/68)[Kremote: Counting objects:  27% (19/68)[Kremote: Counting objects:  29% (20/68)[Kremote: Counting objects:  30% (21/68)[Kremote: Counting objects:  32% (22/68)[Kremote: Counting objects:  33% (23/68)[Kremote: Counting objects:  35% (24/68)[Kremote: Counting objects:  36% (25/68)[Kremote: Counting objects:  38% (26/68)[Kremote: Counting objects:  39% (27/68)[Kremote: Counting objects:  41% (28/68)[Kremote: Counting objects:  42% (29/68)[Kremote: Counting objects:  44% (30/68)[Kremote: Counting objects:  45% (31/68)[Kremote: Counting objects:  47% (32/68)[Kremote: Counting objects:  48% (33/68)[Kremote: Counting objects:  50% (34/68)[Kremote: Counting objects:  51% (35/68)[Kremote: Counting objects:  52% (36/68)[Kremote: Counting objects:  54% (37/68)[Kremote: Counting objects:  55% (38/68)[Kremote: Counting objects:  57% (39/68)[Kremote: Counting objects:  58% (40/68)[Kremote: Counting objects:  60% (41/68)[Kremote: Counting objects:  61% (42/68)[Kremote: Counting objects:  63% (43/68)[Kremote: Counting objects:  64% (44/68)[Kremote: Counting objects:  66% (45/68)[Kremote: Counting objects:  67% (46/68)[Kremote: Counting objects:  69% (47/68)[Kremote: Counting objects:  70% (48/68)[Kremote: Counting objects:  72% (49/68)[Kremote: Counting objects:  73% (50/68)[Kremote: Counting objects:  75% (51/68)[Kremote: Counting objects:  76% (52/68)[Kremote: Counting objects:  77% (53/68)[Kremote: Counting objects:  79% (54/68)[Kremote: Counting objects:  80% (55/68)[Kremote: Counting objects:  82% (56/68)[Kremote: Counting objects:  83% (57/68)[Kremote: Counting objects:  85% (58/68)[Kremote: Counting objects:  86% (59/68)[Kremote: Counting objects:  88% (60/68)[Kremote: Counting objects:  89% (61/68)[Kremote: Counting objects:  91% (62/68)[Kremote: Counting objects:  92% (63/68)[Kremote: Counting objects:  94% (64/68)[Kremote: Counting objects:  95% (65/68)[Kremote: Counting objects:  97% (66/68)[Kremote: Counting objects:  98% (67/68)[Kremote: Counting objects: 100% (68/68)[Kremote: Counting objects: 100% (68/68), done.[K
remote: Compressing objects:   2% (1/42)[Kremote: Compressing objects:   4% (2/42)[Kremote: Compressing objects:   7% (3/42)[Kremote: Compressing objects:   9% (4/42)[Kremote: Compressing objects:  11% (5/42)[Kremote: Compressing objects:  14% (6/42)[Kremote: Compressing objects:  16% (7/42)[Kremote: Compressing objects:  19% (8/42)[Kremote: Compressing objects:  21% (9/42)[Kremote: Compressing objects:  23% (10/42)[Kremote: Compressing objects:  26% (11/42)[Kremote: Compressing objects:  28% (12/42)[Kremote: Compressing objects:  30% (13/42)[Kremote: Compressing objects:  33% (14/42)[Kremote: Compressing objects:  35% (15/42)[Kremote: Compressing objects:  38% (16/42)[Kremote: Compressing objects:  40% (17/42)[Kremote: Compressing objects:  42% (18/42)[Kremote: Compressing objects:  45% (19/42)[Kremote: Compressing objects:  47% (20/42)[Kremote: Compressing objects:  50% (21/42)[Kremote: Compressing objects:  52% (22/42)[Kremote: Compressing objects:  54% (23/42)[Kremote: Compressing objects:  57% (24/42)[Kremote: Compressing objects:  59% (25/42)[Kremote: Compressing objects:  61% (26/42)[Kremote: Compressing objects:  64% (27/42)[Kremote: Compressing objects:  66% (28/42)[Kremote: Compressing objects:  69% (29/42)[Kremote: Compressing objects:  71% (30/42)[Kremote: Compressing objects:  73% (31/42)[Kremote: Compressing objects:  76% (32/42)[Kremote: Compressing objects:  78% (33/42)[Kremote: Compressing objects:  80% (34/42)[Kremote: Compressing objects:  83% (35/42)[Kremote: Compressing objects:  85% (36/42)[Kremote: Compressing objects:  88% (37/42)[Kremote: Compressing objects:  90% (38/42)[Kremote: Compressing objects:  92% (39/42)[Kremote: Compressing objects:  95% (40/42)[Kremote: Compressing objects:  97% (41/42)[Kremote: Compressing objects: 100% (42/42)[Kremote: Compressing objects: 100% (42/42), done.[K
Receiving objects:   1% (1/68)Receiving objects:   2% (2/68)Receiving objects:   4% (3/68)Receiving objects:   5% (4/68)Receiving objects:   7% (5/68)Receiving objects:   8% (6/68)Receiving objects:  10% (7/68)Receiving objects:  11% (8/68)Receiving objects:  13% (9/68)Receiving objects:  14% (10/68)Receiving objects:  16% (11/68)Receiving objects:  17% (12/68)Receiving objects:  19% (13/68)Receiving objects:  20% (14/68)Receiving objects:  22% (15/68)Receiving objects:  23% (16/68)Receiving objects:  25% (17/68)Receiving objects:  26% (18/68)Receiving objects:  27% (19/68)Receiving objects:  29% (20/68)remote: Total 68 (delta 28), reused 60 (delta 23), pack-reused 0 (from 0)[K
Receiving objects:  30% (21/68), 492.00 KiB | 867.00 KiB/sReceiving objects:  32% (22/68), 492.00 KiB | 867.00 KiB/sReceiving objects:  33% (23/68), 492.00 KiB | 867.00 KiB/sReceiving objects:  35% (24/68), 492.00 KiB | 867.00 KiB/sReceiving objects:  36% (25/68), 492.00 KiB | 867.00 KiB/sReceiving objects:  38% (26/68), 492.00 KiB | 867.00 KiB/sReceiving objects:  39% (27/68), 492.00 KiB | 867.00 KiB/sReceiving objects:  41% (28/68), 492.00 KiB | 867.00 KiB/sReceiving objects:  42% (29/68), 492.00 KiB | 867.00 KiB/sReceiving objects:  44% (30/68), 492.00 KiB | 867.00 KiB/sReceiving objects:  45% (31/68), 492.00 KiB | 867.00 KiB/sReceiving objects:  47% (32/68), 492.00 KiB | 867.00 KiB/sReceiving objects:  48% (33/68), 492.00 KiB | 867.00 KiB/sReceiving objects:  50% (34/68), 492.00 KiB | 867.00 KiB/sReceiving objects:  51% (35/68), 492.00 KiB | 867.00 KiB/sReceiving objects:  52% (36/68), 492.00 KiB | 867.00 KiB/sReceiving objects:  54% (37/68), 492.00 KiB | 867.00 KiB/sReceiving objects:  55% (38/68), 492.00 KiB | 867.00 KiB/sReceiving objects:  57% (39/68), 492.00 KiB | 867.00 KiB/sReceiving objects:  58% (40/68), 492.00 KiB | 867.00 KiB/sReceiving objects:  60% (41/68), 492.00 KiB | 867.00 KiB/sReceiving objects:  61% (42/68), 492.00 KiB | 867.00 KiB/sReceiving objects:  63% (43/68), 492.00 KiB | 867.00 KiB/sReceiving objects:  64% (44/68), 492.00 KiB | 867.00 KiB/sReceiving objects:  66% (45/68), 492.00 KiB | 867.00 KiB/sReceiving objects:  67% (46/68), 492.00 KiB | 867.00 KiB/sReceiving objects:  69% (47/68), 492.00 KiB | 867.00 KiB/sReceiving objects:  70% (48/68), 492.00 KiB | 867.00 KiB/sReceiving objects:  72% (49/68), 492.00 KiB | 867.00 KiB/sReceiving objects:  73% (50/68), 492.00 KiB | 867.00 KiB/sReceiving objects:  75% (51/68), 492.00 KiB | 867.00 KiB/sReceiving objects:  76% (52/68), 492.00 KiB | 867.00 KiB/sReceiving objects:  77% (53/68), 492.00 KiB | 867.00 KiB/sReceiving objects:  79% (54/68), 492.00 KiB | 867.00 KiB/sReceiving objects:  80% (55/68), 492.00 KiB | 867.00 KiB/sReceiving objects:  82% (56/68), 492.00 KiB | 867.00 KiB/sReceiving objects:  83% (57/68), 492.00 KiB | 867.00 KiB/sR